2018-04-10 13:44:41,399 - DEBUG - Importing BmpImagePlugin
2018-04-10 13:44:41,438 - DEBUG - Importing BufrStubImagePlugin
2018-04-10 13:44:41,446 - DEBUG - Importing CurImagePlugin
2018-04-10 13:44:41,456 - DEBUG - Importing DcxImagePlugin
2018-04-10 13:44:41,457 - DEBUG - Importing DdsImagePlugin
2018-04-10 13:44:41,458 - DEBUG - Importing EpsImagePlugin
2018-04-10 13:44:41,460 - DEBUG - Importing FitsStubImagePlugin
2018-04-10 13:44:41,461 - DEBUG - Importing FliImagePlugin
2018-04-10 13:44:41,462 - DEBUG - Importing FpxImagePlugin
2018-04-10 13:44:41,482 - DEBUG - Importing FtexImagePlugin
2018-04-10 13:44:41,483 - DEBUG - Importing GbrImagePlugin
2018-04-10 13:44:41,485 - DEBUG - Importing GifImagePlugin
2018-04-10 13:44:41,487 - DEBUG - Importing GribStubImagePlugin
2018-04-10 13:44:41,489 - DEBUG - Importing Hdf5StubImagePlugin
2018-04-10 13:44:41,490 - DEBUG - Importing IcnsImagePlugin
2018-04-10 13:44:41,493 - DEBUG - Importing IcoImagePlugin
2018-04-10 13:44:41,494 - DEBUG - Importing ImImagePlugin
2018-04-10 13:44:41,496 - DEBUG - Importing ImtImagePlugin
2018-04-10 13:44:41,497 - DEBUG - Importing IptcImagePlugin
2018-04-10 13:44:41,517 - DEBUG - Importing JpegImagePlugin
2018-04-10 13:44:41,544 - DEBUG - Importing Jpeg2KImagePlugin
2018-04-10 13:44:41,544 - DEBUG - Importing McIdasImagePlugin
2018-04-10 13:44:41,545 - DEBUG - Importing MicImagePlugin
2018-04-10 13:44:41,546 - DEBUG - Importing MpegImagePlugin
2018-04-10 13:44:41,547 - DEBUG - Importing MpoImagePlugin
2018-04-10 13:44:41,548 - DEBUG - Importing MspImagePlugin
2018-04-10 13:44:41,567 - DEBUG - Importing PalmImagePlugin
2018-04-10 13:44:41,584 - DEBUG - Importing PcdImagePlugin
2018-04-10 13:44:41,585 - DEBUG - Importing PcxImagePlugin
2018-04-10 13:44:41,585 - DEBUG - Importing PdfImagePlugin
2018-04-10 13:44:41,587 - DEBUG - Importing PixarImagePlugin
2018-04-10 13:44:41,587 - DEBUG - Importing PngImagePlugin
2018-04-10 13:44:41,588 - DEBUG - Importing PpmImagePlugin
2018-04-10 13:44:41,588 - DEBUG - Importing PsdImagePlugin
2018-04-10 13:44:41,589 - DEBUG - Importing SgiImagePlugin
2018-04-10 13:44:41,590 - DEBUG - Importing SpiderImagePlugin
2018-04-10 13:44:41,591 - DEBUG - Importing SunImagePlugin
2018-04-10 13:44:41,593 - DEBUG - Importing TgaImagePlugin
2018-04-10 13:44:41,594 - DEBUG - Importing TiffImagePlugin
2018-04-10 13:44:41,594 - DEBUG - Importing WebPImagePlugin
2018-04-10 13:44:41,652 - DEBUG - Importing WmfImagePlugin
2018-04-10 13:44:41,654 - DEBUG - Importing XbmImagePlugin
2018-04-10 13:44:41,656 - DEBUG - Importing XpmImagePlugin
2018-04-10 13:44:41,658 - DEBUG - Importing XVThumbImagePlugin
2018-04-10 13:44:56,864 - INFO - Execute SETEX Success, key: key1, value: value1
2018-04-10 13:44:59,767 - INFO - Execute SETEX Success, key: key2, value: value2
2018-04-10 13:45:01,017 - INFO - Execute SETEX Success, key: key3, value: value3
2018-04-10 13:45:57,088 - DEBUG - Importing BmpImagePlugin
2018-04-10 13:45:57,091 - DEBUG - Importing BufrStubImagePlugin
2018-04-10 13:45:57,091 - DEBUG - Importing CurImagePlugin
2018-04-10 13:45:57,092 - DEBUG - Importing DcxImagePlugin
2018-04-10 13:45:57,092 - DEBUG - Importing DdsImagePlugin
2018-04-10 13:45:57,093 - DEBUG - Importing EpsImagePlugin
2018-04-10 13:45:57,094 - DEBUG - Importing FitsStubImagePlugin
2018-04-10 13:45:57,094 - DEBUG - Importing FliImagePlugin
2018-04-10 13:45:57,095 - DEBUG - Importing FpxImagePlugin
2018-04-10 13:45:57,097 - DEBUG - Importing FtexImagePlugin
2018-04-10 13:45:57,098 - DEBUG - Importing GbrImagePlugin
2018-04-10 13:45:57,098 - DEBUG - Importing GifImagePlugin
2018-04-10 13:45:57,099 - DEBUG - Importing GribStubImagePlugin
2018-04-10 13:45:57,099 - DEBUG - Importing Hdf5StubImagePlugin
2018-04-10 13:45:57,099 - DEBUG - Importing IcnsImagePlugin
2018-04-10 13:45:57,102 - DEBUG - Importing IcoImagePlugin
2018-04-10 13:45:57,102 - DEBUG - Importing ImImagePlugin
2018-04-10 13:45:57,103 - DEBUG - Importing ImtImagePlugin
2018-04-10 13:45:57,103 - DEBUG - Importing IptcImagePlugin
2018-04-10 13:45:57,104 - DEBUG - Importing JpegImagePlugin
2018-04-10 13:45:57,110 - DEBUG - Importing Jpeg2KImagePlugin
2018-04-10 13:45:57,110 - DEBUG - Importing McIdasImagePlugin
2018-04-10 13:45:57,111 - DEBUG - Importing MicImagePlugin
2018-04-10 13:45:57,111 - DEBUG - Importing MpegImagePlugin
2018-04-10 13:45:57,113 - DEBUG - Importing MpoImagePlugin
2018-04-10 13:45:57,114 - DEBUG - Importing MspImagePlugin
2018-04-10 13:45:57,114 - DEBUG - Importing PalmImagePlugin
2018-04-10 13:45:57,115 - DEBUG - Importing PcdImagePlugin
2018-04-10 13:45:57,115 - DEBUG - Importing PcxImagePlugin
2018-04-10 13:45:57,115 - DEBUG - Importing PdfImagePlugin
2018-04-10 13:45:57,116 - DEBUG - Importing PixarImagePlugin
2018-04-10 13:45:57,116 - DEBUG - Importing PngImagePlugin
2018-04-10 13:45:57,116 - DEBUG - Importing PpmImagePlugin
2018-04-10 13:45:57,116 - DEBUG - Importing PsdImagePlugin
2018-04-10 13:45:57,117 - DEBUG - Importing SgiImagePlugin
2018-04-10 13:45:57,117 - DEBUG - Importing SpiderImagePlugin
2018-04-10 13:45:57,118 - DEBUG - Importing SunImagePlugin
2018-04-10 13:45:57,118 - DEBUG - Importing TgaImagePlugin
2018-04-10 13:45:57,119 - DEBUG - Importing TiffImagePlugin
2018-04-10 13:45:57,119 - DEBUG - Importing WebPImagePlugin
2018-04-10 13:45:57,120 - DEBUG - Importing WmfImagePlugin
2018-04-10 13:45:57,120 - DEBUG - Importing XbmImagePlugin
2018-04-10 13:45:57,121 - DEBUG - Importing XpmImagePlugin
2018-04-10 13:45:57,122 - DEBUG - Importing XVThumbImagePlugin
2018-04-10 13:46:04,251 - INFO - Execute SETEX Success, key: key1, value: value1
2018-04-10 13:46:08,477 - INFO - Execute SETEX Success, key: key2, value: value2
2018-04-10 13:46:11,723 - INFO - Execute SETEX Success, key: key3, value: value3
2018-04-10 13:48:56,844 - DEBUG - Importing BmpImagePlugin
2018-04-10 13:48:56,847 - DEBUG - Importing BufrStubImagePlugin
2018-04-10 13:48:56,849 - DEBUG - Importing CurImagePlugin
2018-04-10 13:48:56,849 - DEBUG - Importing DcxImagePlugin
2018-04-10 13:48:56,850 - DEBUG - Importing DdsImagePlugin
2018-04-10 13:48:56,850 - DEBUG - Importing EpsImagePlugin
2018-04-10 13:48:56,851 - DEBUG - Importing FitsStubImagePlugin
2018-04-10 13:48:56,852 - DEBUG - Importing FliImagePlugin
2018-04-10 13:48:56,852 - DEBUG - Importing FpxImagePlugin
2018-04-10 13:48:56,854 - DEBUG - Importing FtexImagePlugin
2018-04-10 13:48:56,855 - DEBUG - Importing GbrImagePlugin
2018-04-10 13:48:56,855 - DEBUG - Importing GifImagePlugin
2018-04-10 13:48:56,856 - DEBUG - Importing GribStubImagePlugin
2018-04-10 13:48:56,857 - DEBUG - Importing Hdf5StubImagePlugin
2018-04-10 13:48:56,857 - DEBUG - Importing IcnsImagePlugin
2018-04-10 13:48:56,860 - DEBUG - Importing IcoImagePlugin
2018-04-10 13:48:56,862 - DEBUG - Importing ImImagePlugin
2018-04-10 13:48:56,863 - DEBUG - Importing ImtImagePlugin
2018-04-10 13:48:56,863 - DEBUG - Importing IptcImagePlugin
2018-04-10 13:48:56,864 - DEBUG - Importing JpegImagePlugin
2018-04-10 13:48:56,872 - DEBUG - Importing Jpeg2KImagePlugin
2018-04-10 13:48:56,872 - DEBUG - Importing McIdasImagePlugin
2018-04-10 13:48:56,872 - DEBUG - Importing MicImagePlugin
2018-04-10 13:48:56,873 - DEBUG - Importing MpegImagePlugin
2018-04-10 13:48:56,873 - DEBUG - Importing MpoImagePlugin
2018-04-10 13:48:56,874 - DEBUG - Importing MspImagePlugin
2018-04-10 13:48:56,875 - DEBUG - Importing PalmImagePlugin
2018-04-10 13:48:56,876 - DEBUG - Importing PcdImagePlugin
2018-04-10 13:48:56,876 - DEBUG - Importing PcxImagePlugin
2018-04-10 13:48:56,876 - DEBUG - Importing PdfImagePlugin
2018-04-10 13:48:56,877 - DEBUG - Importing PixarImagePlugin
2018-04-10 13:48:56,877 - DEBUG - Importing PngImagePlugin
2018-04-10 13:48:56,877 - DEBUG - Importing PpmImagePlugin
2018-04-10 13:48:56,878 - DEBUG - Importing PsdImagePlugin
2018-04-10 13:48:56,878 - DEBUG - Importing SgiImagePlugin
2018-04-10 13:48:56,879 - DEBUG - Importing SpiderImagePlugin
2018-04-10 13:48:56,880 - DEBUG - Importing SunImagePlugin
2018-04-10 13:48:56,881 - DEBUG - Importing TgaImagePlugin
2018-04-10 13:48:56,882 - DEBUG - Importing TiffImagePlugin
2018-04-10 13:48:56,882 - DEBUG - Importing WebPImagePlugin
2018-04-10 13:48:56,884 - DEBUG - Importing WmfImagePlugin
2018-04-10 13:48:56,884 - DEBUG - Importing XbmImagePlugin
2018-04-10 13:48:56,886 - DEBUG - Importing XpmImagePlugin
2018-04-10 13:48:56,887 - DEBUG - Importing XVThumbImagePlugin
2018-04-10 13:49:24,941 - DEBUG - Importing BmpImagePlugin
2018-04-10 13:49:24,944 - DEBUG - Importing BufrStubImagePlugin
2018-04-10 13:49:24,945 - DEBUG - Importing CurImagePlugin
2018-04-10 13:49:24,945 - DEBUG - Importing DcxImagePlugin
2018-04-10 13:49:24,946 - DEBUG - Importing DdsImagePlugin
2018-04-10 13:49:24,946 - DEBUG - Importing EpsImagePlugin
2018-04-10 13:49:24,947 - DEBUG - Importing FitsStubImagePlugin
2018-04-10 13:49:24,948 - DEBUG - Importing FliImagePlugin
2018-04-10 13:49:24,948 - DEBUG - Importing FpxImagePlugin
2018-04-10 13:49:24,951 - DEBUG - Importing FtexImagePlugin
2018-04-10 13:49:24,951 - DEBUG - Importing GbrImagePlugin
2018-04-10 13:49:24,951 - DEBUG - Importing GifImagePlugin
2018-04-10 13:49:24,952 - DEBUG - Importing GribStubImagePlugin
2018-04-10 13:49:24,953 - DEBUG - Importing Hdf5StubImagePlugin
2018-04-10 13:49:24,953 - DEBUG - Importing IcnsImagePlugin
2018-04-10 13:49:24,956 - DEBUG - Importing IcoImagePlugin
2018-04-10 13:49:24,956 - DEBUG - Importing ImImagePlugin
2018-04-10 13:49:24,958 - DEBUG - Importing ImtImagePlugin
2018-04-10 13:49:24,959 - DEBUG - Importing IptcImagePlugin
2018-04-10 13:49:24,959 - DEBUG - Importing JpegImagePlugin
2018-04-10 13:49:24,967 - DEBUG - Importing Jpeg2KImagePlugin
2018-04-10 13:49:24,968 - DEBUG - Importing McIdasImagePlugin
2018-04-10 13:49:24,968 - DEBUG - Importing MicImagePlugin
2018-04-10 13:49:24,969 - DEBUG - Importing MpegImagePlugin
2018-04-10 13:49:24,969 - DEBUG - Importing MpoImagePlugin
2018-04-10 13:49:24,970 - DEBUG - Importing MspImagePlugin
2018-04-10 13:49:24,970 - DEBUG - Importing PalmImagePlugin
2018-04-10 13:49:24,971 - DEBUG - Importing PcdImagePlugin
2018-04-10 13:49:24,972 - DEBUG - Importing PcxImagePlugin
2018-04-10 13:49:24,972 - DEBUG - Importing PdfImagePlugin
2018-04-10 13:49:24,972 - DEBUG - Importing PixarImagePlugin
2018-04-10 13:49:24,973 - DEBUG - Importing PngImagePlugin
2018-04-10 13:49:24,973 - DEBUG - Importing PpmImagePlugin
2018-04-10 13:49:24,973 - DEBUG - Importing PsdImagePlugin
2018-04-10 13:49:24,973 - DEBUG - Importing SgiImagePlugin
2018-04-10 13:49:24,974 - DEBUG - Importing SpiderImagePlugin
2018-04-10 13:49:24,974 - DEBUG - Importing SunImagePlugin
2018-04-10 13:49:24,975 - DEBUG - Importing TgaImagePlugin
2018-04-10 13:49:24,975 - DEBUG - Importing TiffImagePlugin
2018-04-10 13:49:24,975 - DEBUG - Importing WebPImagePlugin
2018-04-10 13:49:24,976 - DEBUG - Importing WmfImagePlugin
2018-04-10 13:49:24,977 - DEBUG - Importing XbmImagePlugin
2018-04-10 13:49:24,979 - DEBUG - Importing XpmImagePlugin
2018-04-10 13:49:24,980 - DEBUG - Importing XVThumbImagePlugin
2018-04-10 13:49:51,268 - DEBUG - Importing BmpImagePlugin
2018-04-10 13:49:51,270 - DEBUG - Importing BufrStubImagePlugin
2018-04-10 13:49:51,271 - DEBUG - Importing CurImagePlugin
2018-04-10 13:49:51,272 - DEBUG - Importing DcxImagePlugin
2018-04-10 13:49:51,272 - DEBUG - Importing DdsImagePlugin
2018-04-10 13:49:51,273 - DEBUG - Importing EpsImagePlugin
2018-04-10 13:49:51,275 - DEBUG - Importing FitsStubImagePlugin
2018-04-10 13:49:51,276 - DEBUG - Importing FliImagePlugin
2018-04-10 13:49:51,276 - DEBUG - Importing FpxImagePlugin
2018-04-10 13:49:51,281 - DEBUG - Importing FtexImagePlugin
2018-04-10 13:49:51,282 - DEBUG - Importing GbrImagePlugin
2018-04-10 13:49:51,282 - DEBUG - Importing GifImagePlugin
2018-04-10 13:49:51,284 - DEBUG - Importing GribStubImagePlugin
2018-04-10 13:49:51,285 - DEBUG - Importing Hdf5StubImagePlugin
2018-04-10 13:49:51,285 - DEBUG - Importing IcnsImagePlugin
2018-04-10 13:49:51,289 - DEBUG - Importing IcoImagePlugin
2018-04-10 13:49:51,289 - DEBUG - Importing ImImagePlugin
2018-04-10 13:49:51,290 - DEBUG - Importing ImtImagePlugin
2018-04-10 13:49:51,291 - DEBUG - Importing IptcImagePlugin
2018-04-10 13:49:51,292 - DEBUG - Importing JpegImagePlugin
2018-04-10 13:49:51,299 - DEBUG - Importing Jpeg2KImagePlugin
2018-04-10 13:49:51,300 - DEBUG - Importing McIdasImagePlugin
2018-04-10 13:49:51,301 - DEBUG - Importing MicImagePlugin
2018-04-10 13:49:51,301 - DEBUG - Importing MpegImagePlugin
2018-04-10 13:49:51,302 - DEBUG - Importing MpoImagePlugin
2018-04-10 13:49:51,303 - DEBUG - Importing MspImagePlugin
2018-04-10 13:49:51,303 - DEBUG - Importing PalmImagePlugin
2018-04-10 13:49:51,305 - DEBUG - Importing PcdImagePlugin
2018-04-10 13:49:51,305 - DEBUG - Importing PcxImagePlugin
2018-04-10 13:49:51,305 - DEBUG - Importing PdfImagePlugin
2018-04-10 13:49:51,306 - DEBUG - Importing PixarImagePlugin
2018-04-10 13:49:51,307 - DEBUG - Importing PngImagePlugin
2018-04-10 13:49:51,307 - DEBUG - Importing PpmImagePlugin
2018-04-10 13:49:51,307 - DEBUG - Importing PsdImagePlugin
2018-04-10 13:49:51,307 - DEBUG - Importing SgiImagePlugin
2018-04-10 13:49:51,308 - DEBUG - Importing SpiderImagePlugin
2018-04-10 13:49:51,309 - DEBUG - Importing SunImagePlugin
2018-04-10 13:49:51,309 - DEBUG - Importing TgaImagePlugin
2018-04-10 13:49:51,309 - DEBUG - Importing TiffImagePlugin
2018-04-10 13:49:51,309 - DEBUG - Importing WebPImagePlugin
2018-04-10 13:49:51,311 - DEBUG - Importing WmfImagePlugin
2018-04-10 13:49:51,311 - DEBUG - Importing XbmImagePlugin
2018-04-10 13:49:51,313 - DEBUG - Importing XpmImagePlugin
2018-04-10 13:49:51,314 - DEBUG - Importing XVThumbImagePlugin
2018-04-10 13:50:14,629 - DEBUG - Importing BmpImagePlugin
2018-04-10 13:50:14,632 - DEBUG - Importing BufrStubImagePlugin
2018-04-10 13:50:14,633 - DEBUG - Importing CurImagePlugin
2018-04-10 13:50:14,633 - DEBUG - Importing DcxImagePlugin
2018-04-10 13:50:14,635 - DEBUG - Importing DdsImagePlugin
2018-04-10 13:50:14,635 - DEBUG - Importing EpsImagePlugin
2018-04-10 13:50:14,636 - DEBUG - Importing FitsStubImagePlugin
2018-04-10 13:50:14,637 - DEBUG - Importing FliImagePlugin
2018-04-10 13:50:14,638 - DEBUG - Importing FpxImagePlugin
2018-04-10 13:50:14,644 - DEBUG - Importing FtexImagePlugin
2018-04-10 13:50:14,645 - DEBUG - Importing GbrImagePlugin
2018-04-10 13:50:14,645 - DEBUG - Importing GifImagePlugin
2018-04-10 13:50:14,647 - DEBUG - Importing GribStubImagePlugin
2018-04-10 13:50:14,647 - DEBUG - Importing Hdf5StubImagePlugin
2018-04-10 13:50:14,648 - DEBUG - Importing IcnsImagePlugin
2018-04-10 13:50:14,650 - DEBUG - Importing IcoImagePlugin
2018-04-10 13:50:14,650 - DEBUG - Importing ImImagePlugin
2018-04-10 13:50:14,651 - DEBUG - Importing ImtImagePlugin
2018-04-10 13:50:14,653 - DEBUG - Importing IptcImagePlugin
2018-04-10 13:50:14,654 - DEBUG - Importing JpegImagePlugin
2018-04-10 13:50:14,662 - DEBUG - Importing Jpeg2KImagePlugin
2018-04-10 13:50:14,662 - DEBUG - Importing McIdasImagePlugin
2018-04-10 13:50:14,662 - DEBUG - Importing MicImagePlugin
2018-04-10 13:50:14,663 - DEBUG - Importing MpegImagePlugin
2018-04-10 13:50:14,663 - DEBUG - Importing MpoImagePlugin
2018-04-10 13:50:14,664 - DEBUG - Importing MspImagePlugin
2018-04-10 13:50:14,665 - DEBUG - Importing PalmImagePlugin
2018-04-10 13:50:14,665 - DEBUG - Importing PcdImagePlugin
2018-04-10 13:50:14,666 - DEBUG - Importing PcxImagePlugin
2018-04-10 13:50:14,666 - DEBUG - Importing PdfImagePlugin
2018-04-10 13:50:14,666 - DEBUG - Importing PixarImagePlugin
2018-04-10 13:50:14,667 - DEBUG - Importing PngImagePlugin
2018-04-10 13:50:14,667 - DEBUG - Importing PpmImagePlugin
2018-04-10 13:50:14,667 - DEBUG - Importing PsdImagePlugin
2018-04-10 13:50:14,670 - DEBUG - Importing SgiImagePlugin
2018-04-10 13:50:14,671 - DEBUG - Importing SpiderImagePlugin
2018-04-10 13:50:14,671 - DEBUG - Importing SunImagePlugin
2018-04-10 13:50:14,672 - DEBUG - Importing TgaImagePlugin
2018-04-10 13:50:14,672 - DEBUG - Importing TiffImagePlugin
2018-04-10 13:50:14,672 - DEBUG - Importing WebPImagePlugin
2018-04-10 13:50:14,673 - DEBUG - Importing WmfImagePlugin
2018-04-10 13:50:14,674 - DEBUG - Importing XbmImagePlugin
2018-04-10 13:50:14,675 - DEBUG - Importing XpmImagePlugin
2018-04-10 13:50:14,676 - DEBUG - Importing XVThumbImagePlugin
2018-04-10 13:50:22,482 - INFO - Execute SETEX Success, key: key1, value: value1
2018-04-10 13:50:26,814 - INFO - Execute SETEX Success, key: key1, value: value1
2018-04-10 13:50:30,660 - INFO - Execute SETEX Success, key: key1, value: value1
2018-04-10 13:51:32,478 - DEBUG - Importing BmpImagePlugin
2018-04-10 13:51:32,482 - DEBUG - Importing BufrStubImagePlugin
2018-04-10 13:51:32,482 - DEBUG - Importing CurImagePlugin
2018-04-10 13:51:32,483 - DEBUG - Importing DcxImagePlugin
2018-04-10 13:51:32,483 - DEBUG - Importing DdsImagePlugin
2018-04-10 13:51:32,484 - DEBUG - Importing EpsImagePlugin
2018-04-10 13:51:32,486 - DEBUG - Importing FitsStubImagePlugin
2018-04-10 13:51:32,486 - DEBUG - Importing FliImagePlugin
2018-04-10 13:51:32,487 - DEBUG - Importing FpxImagePlugin
2018-04-10 13:51:32,490 - DEBUG - Importing FtexImagePlugin
2018-04-10 13:51:32,491 - DEBUG - Importing GbrImagePlugin
2018-04-10 13:51:32,491 - DEBUG - Importing GifImagePlugin
2018-04-10 13:51:32,492 - DEBUG - Importing GribStubImagePlugin
2018-04-10 13:51:32,492 - DEBUG - Importing Hdf5StubImagePlugin
2018-04-10 13:51:32,493 - DEBUG - Importing IcnsImagePlugin
2018-04-10 13:51:32,495 - DEBUG - Importing IcoImagePlugin
2018-04-10 13:51:32,495 - DEBUG - Importing ImImagePlugin
2018-04-10 13:51:32,496 - DEBUG - Importing ImtImagePlugin
2018-04-10 13:51:32,497 - DEBUG - Importing IptcImagePlugin
2018-04-10 13:51:32,497 - DEBUG - Importing JpegImagePlugin
2018-04-10 13:51:32,504 - DEBUG - Importing Jpeg2KImagePlugin
2018-04-10 13:51:32,504 - DEBUG - Importing McIdasImagePlugin
2018-04-10 13:51:32,505 - DEBUG - Importing MicImagePlugin
2018-04-10 13:51:32,506 - DEBUG - Importing MpegImagePlugin
2018-04-10 13:51:32,506 - DEBUG - Importing MpoImagePlugin
2018-04-10 13:51:32,507 - DEBUG - Importing MspImagePlugin
2018-04-10 13:51:32,508 - DEBUG - Importing PalmImagePlugin
2018-04-10 13:51:32,509 - DEBUG - Importing PcdImagePlugin
2018-04-10 13:51:32,510 - DEBUG - Importing PcxImagePlugin
2018-04-10 13:51:32,510 - DEBUG - Importing PdfImagePlugin
2018-04-10 13:51:32,510 - DEBUG - Importing PixarImagePlugin
2018-04-10 13:51:32,511 - DEBUG - Importing PngImagePlugin
2018-04-10 13:51:32,511 - DEBUG - Importing PpmImagePlugin
2018-04-10 13:51:32,512 - DEBUG - Importing PsdImagePlugin
2018-04-10 13:51:32,512 - DEBUG - Importing SgiImagePlugin
2018-04-10 13:51:32,512 - DEBUG - Importing SpiderImagePlugin
2018-04-10 13:51:32,513 - DEBUG - Importing SunImagePlugin
2018-04-10 13:51:32,513 - DEBUG - Importing TgaImagePlugin
2018-04-10 13:51:32,513 - DEBUG - Importing TiffImagePlugin
2018-04-10 13:51:32,514 - DEBUG - Importing WebPImagePlugin
2018-04-10 13:51:32,516 - DEBUG - Importing WmfImagePlugin
2018-04-10 13:51:32,516 - DEBUG - Importing XbmImagePlugin
2018-04-10 13:51:32,518 - DEBUG - Importing XpmImagePlugin
2018-04-10 13:51:32,518 - DEBUG - Importing XVThumbImagePlugin
2018-04-10 13:51:42,270 - INFO - Execute SETEX Success, key: key1, value: value1
2018-04-10 13:51:51,289 - INFO - Execute SETEX Success, key: key1, value: value1
2018-04-10 13:51:55,199 - INFO - Execute SETEX Success, key: key1, value: value1
2018-04-10 13:52:07,140 - DEBUG - Importing BmpImagePlugin
2018-04-10 13:52:07,143 - DEBUG - Importing BufrStubImagePlugin
2018-04-10 13:52:07,144 - DEBUG - Importing CurImagePlugin
2018-04-10 13:52:07,144 - DEBUG - Importing DcxImagePlugin
2018-04-10 13:52:07,145 - DEBUG - Importing DdsImagePlugin
2018-04-10 13:52:07,146 - DEBUG - Importing EpsImagePlugin
2018-04-10 13:52:07,148 - DEBUG - Importing FitsStubImagePlugin
2018-04-10 13:52:07,149 - DEBUG - Importing FliImagePlugin
2018-04-10 13:52:07,150 - DEBUG - Importing FpxImagePlugin
2018-04-10 13:52:07,153 - DEBUG - Importing FtexImagePlugin
2018-04-10 13:52:07,153 - DEBUG - Importing GbrImagePlugin
2018-04-10 13:52:07,153 - DEBUG - Importing GifImagePlugin
2018-04-10 13:52:07,154 - DEBUG - Importing GribStubImagePlugin
2018-04-10 13:52:07,155 - DEBUG - Importing Hdf5StubImagePlugin
2018-04-10 13:52:07,156 - DEBUG - Importing IcnsImagePlugin
2018-04-10 13:52:07,160 - DEBUG - Importing IcoImagePlugin
2018-04-10 13:52:07,161 - DEBUG - Importing ImImagePlugin
2018-04-10 13:52:07,162 - DEBUG - Importing ImtImagePlugin
2018-04-10 13:52:07,162 - DEBUG - Importing IptcImagePlugin
2018-04-10 13:52:07,163 - DEBUG - Importing JpegImagePlugin
2018-04-10 13:52:07,172 - DEBUG - Importing Jpeg2KImagePlugin
2018-04-10 13:52:07,174 - DEBUG - Importing McIdasImagePlugin
2018-04-10 13:52:07,175 - DEBUG - Importing MicImagePlugin
2018-04-10 13:52:07,175 - DEBUG - Importing MpegImagePlugin
2018-04-10 13:52:07,176 - DEBUG - Importing MpoImagePlugin
2018-04-10 13:52:07,177 - DEBUG - Importing MspImagePlugin
2018-04-10 13:52:07,177 - DEBUG - Importing PalmImagePlugin
2018-04-10 13:52:07,178 - DEBUG - Importing PcdImagePlugin
2018-04-10 13:52:07,178 - DEBUG - Importing PcxImagePlugin
2018-04-10 13:52:07,178 - DEBUG - Importing PdfImagePlugin
2018-04-10 13:52:07,179 - DEBUG - Importing PixarImagePlugin
2018-04-10 13:52:07,179 - DEBUG - Importing PngImagePlugin
2018-04-10 13:52:07,180 - DEBUG - Importing PpmImagePlugin
2018-04-10 13:52:07,180 - DEBUG - Importing PsdImagePlugin
2018-04-10 13:52:07,181 - DEBUG - Importing SgiImagePlugin
2018-04-10 13:52:07,182 - DEBUG - Importing SpiderImagePlugin
2018-04-10 13:52:07,183 - DEBUG - Importing SunImagePlugin
2018-04-10 13:52:07,183 - DEBUG - Importing TgaImagePlugin
2018-04-10 13:52:07,184 - DEBUG - Importing TiffImagePlugin
2018-04-10 13:52:07,184 - DEBUG - Importing WebPImagePlugin
2018-04-10 13:52:07,185 - DEBUG - Importing WmfImagePlugin
2018-04-10 13:52:07,186 - DEBUG - Importing XbmImagePlugin
2018-04-10 13:52:07,188 - DEBUG - Importing XpmImagePlugin
2018-04-10 13:52:07,190 - DEBUG - Importing XVThumbImagePlugin
2018-04-10 13:52:20,656 - INFO - Execute SETEX Success, key: key1, value: value1
2018-04-10 13:52:24,914 - INFO - Execute SETEX Success, key: key1, value: value1
2018-04-10 13:52:27,245 - INFO - Execute SETEX Success, key: key1, value: value1
2018-04-10 14:31:33,791 - DEBUG - Importing BmpImagePlugin
2018-04-10 14:31:33,794 - DEBUG - Importing BufrStubImagePlugin
2018-04-10 14:31:33,795 - DEBUG - Importing CurImagePlugin
2018-04-10 14:31:33,795 - DEBUG - Importing DcxImagePlugin
2018-04-10 14:31:33,796 - DEBUG - Importing DdsImagePlugin
2018-04-10 14:31:33,796 - DEBUG - Importing EpsImagePlugin
2018-04-10 14:31:33,797 - DEBUG - Importing FitsStubImagePlugin
2018-04-10 14:31:33,798 - DEBUG - Importing FliImagePlugin
2018-04-10 14:31:33,798 - DEBUG - Importing FpxImagePlugin
2018-04-10 14:31:33,802 - DEBUG - Importing FtexImagePlugin
2018-04-10 14:31:33,802 - DEBUG - Importing GbrImagePlugin
2018-04-10 14:31:33,802 - DEBUG - Importing GifImagePlugin
2018-04-10 14:31:33,804 - DEBUG - Importing GribStubImagePlugin
2018-04-10 14:31:33,804 - DEBUG - Importing Hdf5StubImagePlugin
2018-04-10 14:31:33,804 - DEBUG - Importing IcnsImagePlugin
2018-04-10 14:31:33,806 - DEBUG - Importing IcoImagePlugin
2018-04-10 14:31:33,807 - DEBUG - Importing ImImagePlugin
2018-04-10 14:31:33,808 - DEBUG - Importing ImtImagePlugin
2018-04-10 14:31:33,809 - DEBUG - Importing IptcImagePlugin
2018-04-10 14:31:33,810 - DEBUG - Importing JpegImagePlugin
2018-04-10 14:31:33,817 - DEBUG - Importing Jpeg2KImagePlugin
2018-04-10 14:31:33,817 - DEBUG - Importing McIdasImagePlugin
2018-04-10 14:31:33,818 - DEBUG - Importing MicImagePlugin
2018-04-10 14:31:33,818 - DEBUG - Importing MpegImagePlugin
2018-04-10 14:31:33,819 - DEBUG - Importing MpoImagePlugin
2018-04-10 14:31:33,819 - DEBUG - Importing MspImagePlugin
2018-04-10 14:31:33,820 - DEBUG - Importing PalmImagePlugin
2018-04-10 14:31:33,820 - DEBUG - Importing PcdImagePlugin
2018-04-10 14:31:33,821 - DEBUG - Importing PcxImagePlugin
2018-04-10 14:31:33,821 - DEBUG - Importing PdfImagePlugin
2018-04-10 14:31:33,821 - DEBUG - Importing PixarImagePlugin
2018-04-10 14:31:33,821 - DEBUG - Importing PngImagePlugin
2018-04-10 14:31:33,822 - DEBUG - Importing PpmImagePlugin
2018-04-10 14:31:33,822 - DEBUG - Importing PsdImagePlugin
2018-04-10 14:31:33,822 - DEBUG - Importing SgiImagePlugin
2018-04-10 14:31:33,823 - DEBUG - Importing SpiderImagePlugin
2018-04-10 14:31:33,823 - DEBUG - Importing SunImagePlugin
2018-04-10 14:31:33,823 - DEBUG - Importing TgaImagePlugin
2018-04-10 14:31:33,824 - DEBUG - Importing TiffImagePlugin
2018-04-10 14:31:33,824 - DEBUG - Importing WebPImagePlugin
2018-04-10 14:31:33,825 - DEBUG - Importing WmfImagePlugin
2018-04-10 14:31:33,825 - DEBUG - Importing XbmImagePlugin
2018-04-10 14:31:33,826 - DEBUG - Importing XpmImagePlugin
2018-04-10 14:31:33,827 - DEBUG - Importing XVThumbImagePlugin
2018-04-10 14:31:46,019 - INFO - Execute SETEX Success, key: key1, value: value1
2018-04-10 14:32:09,835 - INFO - Execute SETEX Success, key: key1, value: value1
2018-04-10 14:34:25,033 - DEBUG - Importing BmpImagePlugin
2018-04-10 14:34:25,036 - DEBUG - Importing BufrStubImagePlugin
2018-04-10 14:34:25,037 - DEBUG - Importing CurImagePlugin
2018-04-10 14:34:25,038 - DEBUG - Importing DcxImagePlugin
2018-04-10 14:34:25,038 - DEBUG - Importing DdsImagePlugin
2018-04-10 14:34:25,039 - DEBUG - Importing EpsImagePlugin
2018-04-10 14:34:25,039 - DEBUG - Importing FitsStubImagePlugin
2018-04-10 14:34:25,040 - DEBUG - Importing FliImagePlugin
2018-04-10 14:34:25,040 - DEBUG - Importing FpxImagePlugin
2018-04-10 14:34:25,042 - DEBUG - Importing FtexImagePlugin
2018-04-10 14:34:25,043 - DEBUG - Importing GbrImagePlugin
2018-04-10 14:34:25,044 - DEBUG - Importing GifImagePlugin
2018-04-10 14:34:25,046 - DEBUG - Importing GribStubImagePlugin
2018-04-10 14:34:25,047 - DEBUG - Importing Hdf5StubImagePlugin
2018-04-10 14:34:25,047 - DEBUG - Importing IcnsImagePlugin
2018-04-10 14:34:25,049 - DEBUG - Importing IcoImagePlugin
2018-04-10 14:34:25,050 - DEBUG - Importing ImImagePlugin
2018-04-10 14:34:25,050 - DEBUG - Importing ImtImagePlugin
2018-04-10 14:34:25,051 - DEBUG - Importing IptcImagePlugin
2018-04-10 14:34:25,051 - DEBUG - Importing JpegImagePlugin
2018-04-10 14:34:25,058 - DEBUG - Importing Jpeg2KImagePlugin
2018-04-10 14:34:25,059 - DEBUG - Importing McIdasImagePlugin
2018-04-10 14:34:25,059 - DEBUG - Importing MicImagePlugin
2018-04-10 14:34:25,060 - DEBUG - Importing MpegImagePlugin
2018-04-10 14:34:25,061 - DEBUG - Importing MpoImagePlugin
2018-04-10 14:34:25,062 - DEBUG - Importing MspImagePlugin
2018-04-10 14:34:25,062 - DEBUG - Importing PalmImagePlugin
2018-04-10 14:34:25,063 - DEBUG - Importing PcdImagePlugin
2018-04-10 14:34:25,063 - DEBUG - Importing PcxImagePlugin
2018-04-10 14:34:25,064 - DEBUG - Importing PdfImagePlugin
2018-04-10 14:34:25,064 - DEBUG - Importing PixarImagePlugin
2018-04-10 14:34:25,064 - DEBUG - Importing PngImagePlugin
2018-04-10 14:34:25,064 - DEBUG - Importing PpmImagePlugin
2018-04-10 14:34:25,065 - DEBUG - Importing PsdImagePlugin
2018-04-10 14:34:25,065 - DEBUG - Importing SgiImagePlugin
2018-04-10 14:34:25,065 - DEBUG - Importing SpiderImagePlugin
2018-04-10 14:34:25,066 - DEBUG - Importing SunImagePlugin
2018-04-10 14:34:25,066 - DEBUG - Importing TgaImagePlugin
2018-04-10 14:34:25,067 - DEBUG - Importing TiffImagePlugin
2018-04-10 14:34:25,067 - DEBUG - Importing WebPImagePlugin
2018-04-10 14:34:25,067 - DEBUG - Importing WmfImagePlugin
2018-04-10 14:34:25,068 - DEBUG - Importing XbmImagePlugin
2018-04-10 14:34:25,069 - DEBUG - Importing XpmImagePlugin
2018-04-10 14:34:25,070 - DEBUG - Importing XVThumbImagePlugin
2018-04-10 14:34:59,140 - INFO - Execute SETEX Success, key: key1, value: value1
2018-04-10 14:35:05,804 - INFO - Execute SETEX Success, key: key1, value: value1
2018-04-10 14:35:21,399 - INFO - Execute SETEX Success, key: key1, value: value1
2018-04-10 14:36:12,640 - DEBUG - Importing BmpImagePlugin
2018-04-10 14:36:12,643 - DEBUG - Importing BufrStubImagePlugin
2018-04-10 14:36:12,643 - DEBUG - Importing CurImagePlugin
2018-04-10 14:36:12,643 - DEBUG - Importing DcxImagePlugin
2018-04-10 14:36:12,644 - DEBUG - Importing DdsImagePlugin
2018-04-10 14:36:12,644 - DEBUG - Importing EpsImagePlugin
2018-04-10 14:36:12,646 - DEBUG - Importing FitsStubImagePlugin
2018-04-10 14:36:12,646 - DEBUG - Importing FliImagePlugin
2018-04-10 14:36:12,646 - DEBUG - Importing FpxImagePlugin
2018-04-10 14:36:12,649 - DEBUG - Importing FtexImagePlugin
2018-04-10 14:36:12,649 - DEBUG - Importing GbrImagePlugin
2018-04-10 14:36:12,649 - DEBUG - Importing GifImagePlugin
2018-04-10 14:36:12,650 - DEBUG - Importing GribStubImagePlugin
2018-04-10 14:36:12,651 - DEBUG - Importing Hdf5StubImagePlugin
2018-04-10 14:36:12,651 - DEBUG - Importing IcnsImagePlugin
2018-04-10 14:36:12,653 - DEBUG - Importing IcoImagePlugin
2018-04-10 14:36:12,653 - DEBUG - Importing ImImagePlugin
2018-04-10 14:36:12,654 - DEBUG - Importing ImtImagePlugin
2018-04-10 14:36:12,654 - DEBUG - Importing IptcImagePlugin
2018-04-10 14:36:12,655 - DEBUG - Importing JpegImagePlugin
2018-04-10 14:36:12,661 - DEBUG - Importing Jpeg2KImagePlugin
2018-04-10 14:36:12,661 - DEBUG - Importing McIdasImagePlugin
2018-04-10 14:36:12,661 - DEBUG - Importing MicImagePlugin
2018-04-10 14:36:12,662 - DEBUG - Importing MpegImagePlugin
2018-04-10 14:36:12,662 - DEBUG - Importing MpoImagePlugin
2018-04-10 14:36:12,662 - DEBUG - Importing MspImagePlugin
2018-04-10 14:36:12,663 - DEBUG - Importing PalmImagePlugin
2018-04-10 14:36:12,663 - DEBUG - Importing PcdImagePlugin
2018-04-10 14:36:12,664 - DEBUG - Importing PcxImagePlugin
2018-04-10 14:36:12,664 - DEBUG - Importing PdfImagePlugin
2018-04-10 14:36:12,664 - DEBUG - Importing PixarImagePlugin
2018-04-10 14:36:12,664 - DEBUG - Importing PngImagePlugin
2018-04-10 14:36:12,665 - DEBUG - Importing PpmImagePlugin
2018-04-10 14:36:12,665 - DEBUG - Importing PsdImagePlugin
2018-04-10 14:36:12,665 - DEBUG - Importing SgiImagePlugin
2018-04-10 14:36:12,666 - DEBUG - Importing SpiderImagePlugin
2018-04-10 14:36:12,666 - DEBUG - Importing SunImagePlugin
2018-04-10 14:36:12,666 - DEBUG - Importing TgaImagePlugin
2018-04-10 14:36:12,667 - DEBUG - Importing TiffImagePlugin
2018-04-10 14:36:12,667 - DEBUG - Importing WebPImagePlugin
2018-04-10 14:36:12,667 - DEBUG - Importing WmfImagePlugin
2018-04-10 14:36:12,668 - DEBUG - Importing XbmImagePlugin
2018-04-10 14:36:12,670 - DEBUG - Importing XpmImagePlugin
2018-04-10 14:36:12,671 - DEBUG - Importing XVThumbImagePlugin
2018-04-10 14:36:25,481 - INFO - Execute SETEX Success, key: key1, value: value1
2018-04-10 14:36:37,681 - INFO - Execute SETEX Success, key: key1, value: value1
2018-04-10 14:37:15,739 - DEBUG - Importing BmpImagePlugin
2018-04-10 14:37:15,742 - DEBUG - Importing BufrStubImagePlugin
2018-04-10 14:37:15,742 - DEBUG - Importing CurImagePlugin
2018-04-10 14:37:15,743 - DEBUG - Importing DcxImagePlugin
2018-04-10 14:37:15,743 - DEBUG - Importing DdsImagePlugin
2018-04-10 14:37:15,744 - DEBUG - Importing EpsImagePlugin
2018-04-10 14:37:15,744 - DEBUG - Importing FitsStubImagePlugin
2018-04-10 14:37:15,745 - DEBUG - Importing FliImagePlugin
2018-04-10 14:37:15,745 - DEBUG - Importing FpxImagePlugin
2018-04-10 14:37:15,747 - DEBUG - Importing FtexImagePlugin
2018-04-10 14:37:15,748 - DEBUG - Importing GbrImagePlugin
2018-04-10 14:37:15,748 - DEBUG - Importing GifImagePlugin
2018-04-10 14:37:15,751 - DEBUG - Importing GribStubImagePlugin
2018-04-10 14:37:15,751 - DEBUG - Importing Hdf5StubImagePlugin
2018-04-10 14:37:15,752 - DEBUG - Importing IcnsImagePlugin
2018-04-10 14:37:15,758 - DEBUG - Importing IcoImagePlugin
2018-04-10 14:37:15,759 - DEBUG - Importing ImImagePlugin
2018-04-10 14:37:15,760 - DEBUG - Importing ImtImagePlugin
2018-04-10 14:37:15,760 - DEBUG - Importing IptcImagePlugin
2018-04-10 14:37:15,761 - DEBUG - Importing JpegImagePlugin
2018-04-10 14:37:15,767 - DEBUG - Importing Jpeg2KImagePlugin
2018-04-10 14:37:15,767 - DEBUG - Importing McIdasImagePlugin
2018-04-10 14:37:15,767 - DEBUG - Importing MicImagePlugin
2018-04-10 14:37:15,768 - DEBUG - Importing MpegImagePlugin
2018-04-10 14:37:15,768 - DEBUG - Importing MpoImagePlugin
2018-04-10 14:37:15,769 - DEBUG - Importing MspImagePlugin
2018-04-10 14:37:15,769 - DEBUG - Importing PalmImagePlugin
2018-04-10 14:37:15,770 - DEBUG - Importing PcdImagePlugin
2018-04-10 14:37:15,771 - DEBUG - Importing PcxImagePlugin
2018-04-10 14:37:15,771 - DEBUG - Importing PdfImagePlugin
2018-04-10 14:37:15,772 - DEBUG - Importing PixarImagePlugin
2018-04-10 14:37:15,772 - DEBUG - Importing PngImagePlugin
2018-04-10 14:37:15,772 - DEBUG - Importing PpmImagePlugin
2018-04-10 14:37:15,773 - DEBUG - Importing PsdImagePlugin
2018-04-10 14:37:15,773 - DEBUG - Importing SgiImagePlugin
2018-04-10 14:37:15,773 - DEBUG - Importing SpiderImagePlugin
2018-04-10 14:37:15,774 - DEBUG - Importing SunImagePlugin
2018-04-10 14:37:15,774 - DEBUG - Importing TgaImagePlugin
2018-04-10 14:37:15,774 - DEBUG - Importing TiffImagePlugin
2018-04-10 14:37:15,774 - DEBUG - Importing WebPImagePlugin
2018-04-10 14:37:15,775 - DEBUG - Importing WmfImagePlugin
2018-04-10 14:37:15,776 - DEBUG - Importing XbmImagePlugin
2018-04-10 14:37:15,777 - DEBUG - Importing XpmImagePlugin
2018-04-10 14:37:15,778 - DEBUG - Importing XVThumbImagePlugin
2018-04-10 14:37:25,120 - INFO - Execute SETEX Success, key: key1, value: value1
2018-04-10 14:37:31,282 - INFO - Execute SETEX Success, key: key1, value: value1
2018-04-10 14:37:36,369 - INFO - Execute SETEX Success, key: key1, value: value1
